Assembly Game Server running at:
  Local:    http://localhost:3001
  Network:  http://192.168.3.10:3001
  Network:  http://10.211.55.2:3001
Connected users will be tracked in real-time
User connected: KwmyYZfPJcVYhwCoAAAB
User connected: TUu_JwGTsixNl9SsAAAD
User disconnected: KwmyYZfPJcVYhwCoAAAB
User connected: zJnDZgUAI6M4yTrBAAAF
User connected: 3RlqPzUrWXLyORbYAAAH
User connected: 8zdsdwd5RtFMoUReAAAJ
User disconnected: 3RlqPzUrWXLyORbYAAAH
User disconnected: TUu_JwGTsixNl9SsAAAD
User disconnected: 8zdsdwd5RtFMoUReAAAJ
User disconnected: zJnDZgUAI6M4yTrBAAAF
User connected: B38Z6ZDf9hGYzSxuAAAL
User disconnected: B38Z6ZDf9hGYzSxuAAAL
User connected: -lavialkwfK9c_D0AAAN
User connected: gNe9Nk--6v3iefFHAAAP
User connected: DF_gM-WaMpC8twMLAAAR
User connected: vCFZdRfv46rLFzAxAAAT
User connected: RB1Jc9ZiSe69oKP7AAAV
User connected: 3ktUZiN3dw37WE_aAAAX
User connected: F7QfYaAxafKY1efLAAAZ
User disconnected: gNe9Nk--6v3iefFHAAAP
User disconnected: vCFZdRfv46rLFzAxAAAT
User disconnected: DF_gM-WaMpC8twMLAAAR
User disconnected: RB1Jc9ZiSe69oKP7AAAV
User disconnected: 3ktUZiN3dw37WE_aAAAX
User disconnected: F7QfYaAxafKY1efLAAAZ
User disconnected: -lavialkwfK9c_D0AAAN
User connected: T_6EERPlbidn0uCMAAAb
User connected: GI9R3Z5yHKXYNUwMAAAd
User disconnected: T_6EERPlbidn0uCMAAAb
User connected: SHnJmeTSPuiL7l2CAAAf
User disconnected: SHnJmeTSPuiL7l2CAAAf
User connected: XShN--YTC7tnJMyzAAAh
User disconnected: GI9R3Z5yHKXYNUwMAAAd
User connected: Hq5qegjXrcjx9za_AAAj
User disconnected: XShN--YTC7tnJMyzAAAh
User connected: 6EMLOlK7JArLjrClAAAl
User disconnected: Hq5qegjXrcjx9za_AAAj
User connected: dKc9a0oET7KKusv7AAAn
User disconnected: dKc9a0oET7KKusv7AAAn
User disconnected: 6EMLOlK7JArLjrClAAAl
User connected: ClfFrdAw5Hzusv7mAAAp
User disconnected: ClfFrdAw5Hzusv7mAAAp
User connected: t--z3j4kUuCNtJvJAAAr
User disconnected: t--z3j4kUuCNtJvJAAAr
User connected: V9l44JsXiKHIZOZZAAAt
User connected: XK46MKlB0h5d3zW1AAAv
User connected: MnoLmpblqqkXtlelAAAx
User disconnected: MnoLmpblqqkXtlelAAAx
User disconnected: XK46MKlB0h5d3zW1AAAv
User disconnected: V9l44JsXiKHIZOZZAAAt
User connected: B_5R6bO42eY6L_OJAAAz
User connected: FPLekujoM-DSzPuOAAA1
User disconnected: FPLekujoM-DSzPuOAAA1
User connected: h0SNZU5Ig93JLPZtAAA3
User disconnected: B_5R6bO42eY6L_OJAAAz
User disconnected: h0SNZU5Ig93JLPZtAAA3
User connected: iRE-2b1MFtoQG9brAAA5
User disconnected: iRE-2b1MFtoQG9brAAA5
User connected: 4dGnA_cFBVbLdBK6AAA7
User disconnected: 4dGnA_cFBVbLdBK6AAA7
User connected: ESYEOlWe3pXEwTAUAAA9
User connected: Ld7ZbmYkvNGTs9RnAAA_
User disconnected: ESYEOlWe3pXEwTAUAAA9
User disconnected: Ld7ZbmYkvNGTs9RnAAA_
User connected: BHteQhEifddXxQ96AABB
User connected: 6MYq0vJRZ3QN39H-AABD
User connected: 4O8IKu3PNj1ngeDbAABF
User connected: 0PV4_9RG4V7qRgLaAABH
User disconnected: 6MYq0vJRZ3QN39H-AABD
User connected: 2WRnPVTlOF88ih3qAABJ
User disconnected: 0PV4_9RG4V7qRgLaAABH
User connected: OORik1m5OtlVMxlnAABL
User disconnected: 4O8IKu3PNj1ngeDbAABF
User disconnected: BHteQhEifddXxQ96AABB
User connected: pzFwrUhy7EbxMgy7AABN
User connected: eLYB3keX25LoRTBJAABP
User disconnected: 2WRnPVTlOF88ih3qAABJ
User disconnected: OORik1m5OtlVMxlnAABL
User disconnected: pzFwrUhy7EbxMgy7AABN
User disconnected: eLYB3keX25LoRTBJAABP
User connected: 6bPOIOez-j35eOVaAABR
User connected: Ri5GH0y_1sz9hirOAABT
User connected: L6L_taCRg5qNOEBgAABV
User disconnected: Ri5GH0y_1sz9hirOAABT
User disconnected: 6bPOIOez-j35eOVaAABR
User connected: Vj8KkcYAcpzhaHoWAABX
User connected: jD9hpmrBBKFWB0jOAABZ
User disconnected: jD9hpmrBBKFWB0jOAABZ
User disconnected: L6L_taCRg5qNOEBgAABV
User disconnected: Vj8KkcYAcpzhaHoWAABX
